// Jest Snapshot v1, https://goo.gl/fbAQLP

exports[`App init 1`] = `
Array [
  Array [
    <App />,
    <div
      id="app"
    />,
  ],
]
`;
