// Jest Snapshot v1, https://goo.gl/fbAQLP

exports[`Brand render 1`] = `
<div
  className="navbar-header"
>
  <span
    className="navbar-brand"
  >
    <img
      alt="ktuberling"
      height="20"
      src="./assets/icon.png"
      width="20"
    />
  </span>
</div>
`;
